 lash · gpt-5.4
                   ██      ██████  ██████████████
                   ██      ██  ██      ███ ██  ██
                   ██████  ██  ██  ██████  ██  ██
                                      ██
                   ──────────────────────────────


● ask me
┌─ QUESTION ───────────────────────────────────────────────────────┐
│ Pick one                                                         │
│ ○ 1. Alpha                                                       │
│ ◉ 2. Beta                                                        │
│ ○ 3. Gamma                                                       │
│ Note · because                                                   │
└──────────────────────────────────────────────────────────────────┘
                           /LASH  Working
────────────────────────────────────────────────────────────────────
 ❯
──────────────────────────────────────test-session · lash · staging─
